// Jest Snapshot v1, https://goo.gl/fbAQLP

exports[`test in add category snapshop match 1`] = `
<form
  onSubmit={[Function]}
>
  <input
    onChange={[Function]}
    type="text"
    value=""
  />
</form>
`;
